
> arkiology-website@0.1.0 build
> next build

⚠ Warning: Next.js inferred your workspace root, but it may not be correct.
 We detected multiple lockfiles and selected the directory of /Users/residencesupply/clawd/package-lock.json as the root directory.
 To silence this warning, set `turbopack.root` in your Next.js config, or consider removing one of the lockfiles if it's not needed.
   See https://nextjs.org/docs/app/api-reference/config/next-config-js/turbopack#root-directory for more information.
 Detected additional lockfiles: 
   * /Users/residencesupply/clawd/projects/arkiology-website/package-lock.json

▲ Next.js 16.1.6 (Turbopack)

  Creating an optimized production build ...
✓ Compiled successfully in 642.7ms
  Running TypeScript ...
Failed to compile.

./app/layout.tsx:17:19
Type error: Namespace 'React' has no exported member 'Node'.

[0m [90m 15 |[39m   children[33m,[39m
 [90m 16 |[39m }[33m:[39m [33mReadonly[39m[33m<[39m{
[31m[1m>[22m[39m[90m 17 |[39m   children[33m:[39m [33mReact[39m[33m.[39m[33mNode[39m[33m;[39m
 [90m    |[39m                   [31m[1m^[22m[39m
 [90m 18 |[39m }[33m>[39m) {
 [90m 19 |[39m   [36mreturn[39m (
 [90m 20 |[39m     [33m<[39m[33mhtml[39m lang[33m=[39m[32m"en"[39m[33m>[39m[0m
Next.js build worker exited with code: 1 and signal: null
